\BOOKMARK [1][-]{section*.1}{\376\377\122\115\212\000}{}% 1
\BOOKMARK [1][-]{section.1}{\376\377\122\237\200\375\213\276\140\363}{}% 2
\BOOKMARK [2][-]{subsection.1.1}{\376\377\126\333\116\052\150\070\137\303\152\041\127\127}{section.1}% 3
\BOOKMARK [2][-]{subsection.1.2}{\376\377\116\224\171\315\116\244\116\222\152\041\137\017}{section.1}% 4
\BOOKMARK [2][-]{subsection.1.3}{\376\377\123\357\177\026\172\013\146\057\140\016\116\110\133\236\163\260\166\204}{section.1}% 5
\BOOKMARK [2][-]{subsection.1.4}{\376\377\174\373\176\337\166\204\121\340\171\315\135\345\117\134\162\266\140\001}{section.1}% 6
\BOOKMARK [2][-]{subsection.1.5}{\376\377\122\237\200\375\122\060\133\236\163\260\166\204\137\353\220\037\175\042\137\025}{section.1}% 7
\BOOKMARK [1][-]{section.2}{\376\377\170\154\116\366\133\236\163\260\140\035\215\357}{}% 8
\BOOKMARK [2][-]{subsection.2.1}{\376\377\140\073\117\123\140\035\215\357}{section.2}% 9
\BOOKMARK [2][-]{subsection.2.2}{\376\377\143\245\123\343\116\016\215\104\156\220\176\246\147\137}{section.2}% 10
\BOOKMARK [2][-]{subsection.2.3}{\376\377\121\163\202\202\221\115\177\156}{section.2}% 11
\BOOKMARK [2][-]{subsection.2.4}{\376\377\117\040\141\037\126\150\124\214\131\026\213\276}{section.2}% 12
\BOOKMARK [2][-]{subsection.2.5}{\376\377\147\072\150\260\176\323\147\204}{section.2}% 13
\BOOKMARK [1][-]{section.3}{\376\377\217\157\116\366\133\236\163\260\140\035\215\357}{}% 14
\BOOKMARK [2][-]{subsection.3.1}{\376\377\220\006\217\320\122\250\133\146\377\032\116\316\127\120\150\007\122\060\121\163\202\202\211\322}{section.3}% 15
\BOOKMARK [2][-]{subsection.3.2}{\376\377\211\306\211\311\173\241\176\277\377\032\116\000\147\141\155\101\154\064\176\277\116\224\171\315\152\041\137\017}{section.3}% 16
\BOOKMARK [2][-]{subsection.3.3}{\376\377\000J\000S\000O\000N\000\040\123\117\213\256\377\032\126\372\116\366\124\214\116\012\117\115\147\072\166\204\121\161\124\014\213\355\212\000}{section.3}% 17
\BOOKMARK [2][-]{subsection.3.4}{\376\377\123\314\150\070\116\373\122\241\122\022\122\006}{section.3}% 18
\BOOKMARK [2][-]{subsection.3.5}{\376\377\122\250\117\134\136\223}{section.3}% 19
\BOOKMARK [2][-]{subsection.3.6}{\376\377\133\211\121\150\143\252\145\275}{section.3}% 20
\BOOKMARK [1][-]{section.4}{\376\377\230\204\147\037\135\345\117\134\155\101\172\013}{}% 21
\BOOKMARK [2][-]{subsection.4.1}{\376\377\140\073\117\123\145\271\154\325\377\032\121\110\133\232\217\271\165\114\377\014\121\215\120\132\133\236\163\260}{section.4}% 22
\BOOKMARK [2][-]{subsection.4.2}{\376\377\000W\0000\377\032\142\212\122\237\200\375\124\214\176\246\147\137\121\231\156\005\151\132}{section.4}% 23
\BOOKMARK [2][-]{subsection.4.3}{\376\377\000W\0001\377\032\142\212\227\000\154\102\204\075\133\236\122\060\170\154\116\366\124\214\217\157\116\366}{section.4}% 24
\BOOKMARK [2][-]{subsection.4.4}{\376\377\000W\0002\377\032\122\006\127\127\214\003\220\032\170\154\116\366\124\214\176\323\147\204}{section.4}% 25
\BOOKMARK [2][-]{subsection.4.5}{\376\377\000W\0003\377\032\154\277\145\160\143\156\224\376\220\020\153\145\226\306\142\020}{section.4}% 26
\BOOKMARK [2][-]{subsection.4.6}{\376\377\000W\0004\377\032\143\011\227\000\154\102\210\150\220\020\230\171\232\214\145\066}{section.4}% 27
\BOOKMARK [2][-]{subsection.4.7}{\376\377\225\356\230\230\225\355\163\257\116\016\131\007\220\011\215\357\137\204}{section.4}% 28
\BOOKMARK [2][-]{subsection.4.8}{\376\377\230\204\147\037\116\244\116\330\162\151}{section.4}% 29
